result.string=Transactions executed\: 10, failed\: 0