result.string=Transactions executed\: 2, failed\: 1