#In Jenkins Build Name Setter Plugin, define build name as: ${BUILD_NUMBER} - ${PROPFILE,file="lightning-jenkins.properties",property="result.string"}
result.string=Tests executed\: 3, failed\: 2
